"1980";"mil novecentos oitenta"
"1981";"mil novecentos oitenta e un"
"1982";"mil novecentos oitenta e dous"
"1983";"mil novecentos oitenta e tres"
"1984";"mil novecentos oitenta e catro"
"1985";"mil novecentos oitenta e cinco"
"1986";"mil novecentos oitenta e seis"
"1987";"mil novecentos oitenta e sete"
"1988";"mil novecentos oitenta e oito"
"1989";"mil novecentos oitenta e nove"
"1990";"mil novecentos noventa"
"1991";"mil novecentos noventa e un"
"1992";"mil novecentos noventa e dous"
"1993";"mil novecentos noventa e tres"
"1994";"mil novecentos noventa e catro"
"1995";"mil novecentos noventa e cinco"
"1996";"mil novecentos noventa e seis"
"1997";"mil novecentos noventa e sete"
"1998";"mil novecentos noventa e oito"
"1999";"mil novecentos noventa e nove"
"2000";"dous mil"
"2001";"dous mil un"
"2002";"dous mil dous"
"2003";"dous mil tres"
"2004";"dous mil catro"
"2005";"dous mil cinco"
"2006";"dous mil seis"
"2007";"dous mil sete"
"2008";"dous mil oito"
"2009";"dous mil nove"
"2010";"dous mil dez"
"2011";"dous mil once"
"2012";"dous mil doce"
"2013";"dous mil trece"
"2014";"dous mil catorce"
"2015";"dous mil quince"
"2016";"dous mil dezaseis"
"2017";"dous mil dezasete"
"2018";"dous mil dezaoito"
"2019";"dous mil dezanove"
"2020";"dous mil vinte"
"2021";"dous mil vinte e un"
"2022";"dous mil vinte e dous"
"2023";"dous mil vinte e tres"
"2024";"dous mil vinte e catro"
"2025";"dous mil vinte e cinco"
"2026";"dous mil vinte e seis"
"2027";"dous mil vinte e sete"
"2028";"dous mil vinte e oito"
"2029";"dous mil vinte e nove"
"2030";"dous mil trinta"
"2031";"dous mil trinta e un"
"2032";"dous mil trinta e dous"
"2033";"dous mil trinta e tres"
"2034";"dous mil trinta e catro"
"2035";"dous mil trinta e cinco"
"2036";"dous mil trinta e seis"
"2037";"dous mil trinta e sete"
"2038";"dous mil trinta e oito"
"2039";"dous mil trinta e nove"
"2040";"dous mil corenta"
"2041";"dous mil corenta e un"
"2042";"dous mil corenta e dous"
"2043";"dous mil corenta e tres"
"2044";"dous mil corenta e catro"
"2045";"dous mil corenta e cinco"
"2046";"dous mil corenta e seis"
"2047";"dous mil corenta e sete"
"2048";"dous mil corenta e oito"
"2049";"dous mil corenta e nove"
"2050";"dous mil cincuenta"
